---
source: crates/solana/tests/fixture_corpus.rs
expression: view
---
TransactionView {
    signature: Signature(5cB3oK72JLhbBRff6hTTg3BUwfB2hHPwJwbFrWJiJkRsC8UwkxbgPK5xwNTJqv4ubMh6dA8o5Z6ZjmATLj8NKzC1),
    slot: 453243984,
    block_time: Some(
        2026-10-04T11:32:29Z,
    ),
    transaction_index: Some(
        1117,
    ),
    version: Legacy,
    outcome: Succeeded,
    fee_payer: Address(DXTaXQrDocFZBfSEkcgnNCpUuj8xeb6VqyZ4ZzPe518V),
    fee: FeeBreakdown {
        total: Lamports(
            6288,
        ),
        base: Lamports(
            5000,
        ),
        priority: Lamports(
            1288,
        ),
    },
    accounts: [
        AccountKey {
            address: Address(DXTaXQrDocFZBfSEkcgnNCpUuj8xeb6VqyZ4ZzPe518V),
            is_signer: true,
            is_writable: true,
            source: Message,
        },
        AccountKey {
            address: Address(2ZrpDSa2kYxTJtmGNmhyTb4cGhigYbrzakZBYreujiAf),
            is_signer: false,
            is_writable: true,
            source: Message,
        },
        AccountKey {
            address: Address(8f9z7tGJsFWWUBxr6hqHppS2krEGGo4PpZgBtLzpaHyf),
            is_signer: false,
            is_writable: true,
            source: Message,
        },
        AccountKey {
            address: Address(ADuUkR4vqLUMWXxW9gh6D6L8pMSawimctcNZ5pGwDcEt),
            is_signer: false,
            is_writable: true,
            source: Message,
        },
        AccountKey {
            address: Address(BbVaCZDvkNNALEKUcoWgHdvBMv5Zvj9bYhh5HU2Vv3Dt),
            is_signer: false,
            is_writable: true,
            source: Message,
        },
        AccountKey {
            address: Address(BkiMvmX9wqboFsmLeG43foSP7D8BqqLrCKS5rqwAdnmw),
            is_signer: false,
            is_writable: true,
            source: Message,
        },
        AccountKey {
            address: Address(BQbcACohQFiMveJS7vR4cuF1Khd52ioQqWoTcT7VQ3Jq),
            is_signer: false,
            is_writable: true,
            source: Message,
        },
        AccountKey {
            address: Address(DRYjKt3iyeLJAqgXTpHzGRk2pMfNeB4eqPevgjKkC19f),
            is_signer: false,
            is_writable: true,
            source: Message,
        },
        AccountKey {
            address: Address(FP2BiLoHE9Jxdh1fgDT4jQRJQzY43BSe6JK54hnz9D6s),
            is_signer: false,
            is_writable: true,
            source: Message,
        },
        AccountKey {
            address: Address(JEFj1mYvGg9rmvREUFLS43mXx4dfR1SkUMoEhVGt6UHK),
            is_signer: false,
            is_writable: true,
            source: Message,
        },
        AccountKey {
            address: Address(11111111111111111111111111111111),
            is_signer: false,
            is_writable: false,
            source: Message,
        },
        AccountKey {
            address: Address(9aqmJjCnnMQv42TXLk921ceUkN35nea2QP969n1caqjj),
            is_signer: false,
            is_writable: false,
            source: Message,
        },
        AccountKey {
            address: Address(ATokenGPvbdGVxr1b2hvZbsiqW5xWH25efTNsLJA8knL),
            is_signer: false,
            is_writable: false,
            source: Message,
        },
        AccountKey {
            address: Address(ComputeBudget111111111111111111111111111111),
            is_signer: false,
            is_writable: false,
            source: Message,
        },
        AccountKey {
            address: Address(D1ZN9Wj1fRSUQfCjhvnu1hqDMT7hzjzBBpi12nVniYD6),
            is_signer: false,
            is_writable: false,
            source: Message,
        },
        AccountKey {
            address: Address(LBUZKhRxPF3XUpBCjp4YzTKgLccjZhTSDM9YuVaPwxo),
            is_signer: false,
            is_writable: false,
            source: Message,
        },
        AccountKey {
            address: Address(MemoSq4gqABAXKb96qnH8TysNcWxMyWCqXgDLGmfcHr),
            is_signer: false,
            is_writable: false,
            source: Message,
        },
        AccountKey {
            address: Address(So11111111111111111111111111111111111111112),
            is_signer: false,
            is_writable: false,
            source: Message,
        },
        AccountKey {
            address: Address(TokenkegQfeZyiNwAJbNbGKPFXCWuBvf9Ss623VQ5DA),
            is_signer: false,
            is_writable: false,
            source: Message,
        },
        AccountKey {
            address: Address(TokenzQdBNbLqP5VEhdkAS6EPFLC1PHnBqCXEpPxuEb),
            is_signer: false,
            is_writable: false,
            source: Message,
        },
    ],
    instructions: [
        InstructionNode {
            position: InstructionPosition {
                top: 0,
                inner: None,
            },
            stack_height: Some(
                1,
            ),
            program: Address(ComputeBudget111111111111111111111111111111),
            accounts: [],
            data: 0x039803000000000000,
        },
        InstructionNode {
            position: InstructionPosition {
                top: 1,
                inner: None,
            },
            stack_height: Some(
                1,
            ),
            program: Address(11111111111111111111111111111111),
            accounts: [
                Address(DXTaXQrDocFZBfSEkcgnNCpUuj8xeb6VqyZ4ZzPe518V),
                Address(ADuUkR4vqLUMWXxW9gh6D6L8pMSawimctcNZ5pGwDcEt),
            ],
            data: 0x02000000e803000000000000,
        },
        InstructionNode {
            position: InstructionPosition {
                top: 2,
                inner: None,
            },
            stack_height: Some(
                1,
            ),
            program: Address(ComputeBudget111111111111111111111111111111),
            accounts: [],
            data: 0x02c05c1500,
        },
        InstructionNode {
            position: InstructionPosition {
                top: 3,
                inner: None,
            },
            stack_height: Some(
                1,
            ),
            program: Address(ATokenGPvbdGVxr1b2hvZbsiqW5xWH25efTNsLJA8knL),
            accounts: [
                Address(DXTaXQrDocFZBfSEkcgnNCpUuj8xeb6VqyZ4ZzPe518V),
                Address(DRYjKt3iyeLJAqgXTpHzGRk2pMfNeB4eqPevgjKkC19f),
                Address(DXTaXQrDocFZBfSEkcgnNCpUuj8xeb6VqyZ4ZzPe518V),
                Address(9aqmJjCnnMQv42TXLk921ceUkN35nea2QP969n1caqjj),
                Address(11111111111111111111111111111111),
                Address(TokenzQdBNbLqP5VEhdkAS6EPFLC1PHnBqCXEpPxuEb),
            ],
            data: 0x01,
        },
        InstructionNode {
            position: InstructionPosition {
                top: 4,
                inner: None,
            },
            stack_height: Some(
                1,
            ),
            program: Address(ATokenGPvbdGVxr1b2hvZbsiqW5xWH25efTNsLJA8knL),
            accounts: [
                Address(DXTaXQrDocFZBfSEkcgnNCpUuj8xeb6VqyZ4ZzPe518V),
                Address(2ZrpDSa2kYxTJtmGNmhyTb4cGhigYbrzakZBYreujiAf),
                Address(DXTaXQrDocFZBfSEkcgnNCpUuj8xeb6VqyZ4ZzPe518V),
                Address(So11111111111111111111111111111111111111112),
                Address(11111111111111111111111111111111),
                Address(TokenkegQfeZyiNwAJbNbGKPFXCWuBvf9Ss623VQ5DA),
            ],
            data: 0x01,
        },
        InstructionNode {
            position: InstructionPosition {
                top: 4,
                inner: Some(
                    0,
                ),
            },
            stack_height: Some(
                2,
            ),
            program: Address(TokenkegQfeZyiNwAJbNbGKPFXCWuBvf9Ss623VQ5DA),
            accounts: [
                Address(So11111111111111111111111111111111111111112),
            ],
            data: 0x150700,
        },
        InstructionNode {
            position: InstructionPosition {
                top: 4,
                inner: Some(
                    1,
                ),
            },
            stack_height: Some(
                2,
            ),
            program: Address(11111111111111111111111111111111),
            accounts: [
                Address(DXTaXQrDocFZBfSEkcgnNCpUuj8xeb6VqyZ4ZzPe518V),
                Address(2ZrpDSa2kYxTJtmGNmhyTb4cGhigYbrzakZBYreujiAf),
            ],
            data: 0x0000000038b6160000000000a50000000000000006ddf6e1d765a193d9cbe146ceeb79ac1cb485ed5f5b37913a8cf5857eff00a9,
        },
        InstructionNode {
            position: InstructionPosition {
                top: 4,
                inner: Some(
                    2,
                ),
            },
            stack_height: Some(
                2,
            ),
            program: Address(TokenkegQfeZyiNwAJbNbGKPFXCWuBvf9Ss623VQ5DA),
            accounts: [
                Address(2ZrpDSa2kYxTJtmGNmhyTb4cGhigYbrzakZBYreujiAf),
            ],
            data: 0x16,
        },
        InstructionNode {
            position: InstructionPosition {
                top: 4,
                inner: Some(
                    3,
                ),
            },
            stack_height: Some(
                2,
            ),
            program: Address(TokenkegQfeZyiNwAJbNbGKPFXCWuBvf9Ss623VQ5DA),
            accounts: [
                Address(2ZrpDSa2kYxTJtmGNmhyTb4cGhigYbrzakZBYreujiAf),
                Address(So11111111111111111111111111111111111111112),
            ],
            data: 0x12ba19b81fce8f9d9badd88e73682e840a8b29049610cec9091bf7f38cdfa1c0a2,
        },
        InstructionNode {
            position: InstructionPosition {
                top: 5,
                inner: None,
            },
            stack_height: Some(
                1,
            ),
            program: Address(LBUZKhRxPF3XUpBCjp4YzTKgLccjZhTSDM9YuVaPwxo),
            accounts: [
                Address(BbVaCZDvkNNALEKUcoWgHdvBMv5Zvj9bYhh5HU2Vv3Dt),
                Address(JEFj1mYvGg9rmvREUFLS43mXx4dfR1SkUMoEhVGt6UHK),
                Address(LBUZKhRxPF3XUpBCjp4YzTKgLccjZhTSDM9YuVaPwxo),
                Address(DRYjKt3iyeLJAqgXTpHzGRk2pMfNeB4eqPevgjKkC19f),
                Address(2ZrpDSa2kYxTJtmGNmhyTb4cGhigYbrzakZBYreujiAf),
                Address(8f9z7tGJsFWWUBxr6hqHppS2krEGGo4PpZgBtLzpaHyf),
                Address(FP2BiLoHE9Jxdh1fgDT4jQRJQzY43BSe6JK54hnz9D6s),
                Address(9aqmJjCnnMQv42TXLk921ceUkN35nea2QP969n1caqjj),
                Address(So11111111111111111111111111111111111111112),
                Address(DXTaXQrDocFZBfSEkcgnNCpUuj8xeb6VqyZ4ZzPe518V),
                Address(DXTaXQrDocFZBfSEkcgnNCpUuj8xeb6VqyZ4ZzPe518V),
                Address(TokenzQdBNbLqP5VEhdkAS6EPFLC1PHnBqCXEpPxuEb),
                Address(TokenkegQfeZyiNwAJbNbGKPFXCWuBvf9Ss623VQ5DA),
                Address(MemoSq4gqABAXKb96qnH8TysNcWxMyWCqXgDLGmfcHr),
                Address(11111111111111111111111111111111),
                Address(D1ZN9Wj1fRSUQfCjhvnu1hqDMT7hzjzBBpi12nVniYD6),
                Address(LBUZKhRxPF3XUpBCjp4YzTKgLccjZhTSDM9YuVaPwxo),
                Address(BQbcACohQFiMveJS7vR4cuF1Khd52ioQqWoTcT7VQ3Jq),
                Address(BkiMvmX9wqboFsmLeG43foSP7D8BqqLrCKS5rqwAdnmw),
            ],
            data: 0x5c04b0c177b9530955feffff00000101ca0b0000000000000000000000000000f90300000000000000000000000000000300000000000000000000000000000000000000000000000000000000000000010000000120feffff0164feffff10270000000000000000000000000000000001000000cbffffff0f0000000000000000000000454b050000000000f6c7030000000000454b0500000000000000000000000000000000000000000000000200000000000100,
        },
        InstructionNode {
            position: InstructionPosition {
                top: 5,
                inner: Some(
                    0,
                ),
            },
            stack_height: Some(
                2,
            ),
            program: Address(TokenzQdBNbLqP5VEhdkAS6EPFLC1PHnBqCXEpPxuEb),
            accounts: [
                Address(8f9z7tGJsFWWUBxr6hqHppS2krEGGo4PpZgBtLzpaHyf),
                Address(9aqmJjCnnMQv42TXLk921ceUkN35nea2QP969n1caqjj),
                Address(DRYjKt3iyeLJAqgXTpHzGRk2pMfNeB4eqPevgjKkC19f),
                Address(JEFj1mYvGg9rmvREUFLS43mXx4dfR1SkUMoEhVGt6UHK),
            ],
            data: 0x0ce80b00000000000006,
        },
        InstructionNode {
            position: InstructionPosition {
                top: 5,
                inner: Some(
                    1,
                ),
            },
            stack_height: Some(
                2,
            ),
            program: Address(TokenkegQfeZyiNwAJbNbGKPFXCWuBvf9Ss623VQ5DA),
            accounts: [
                Address(FP2BiLoHE9Jxdh1fgDT4jQRJQzY43BSe6JK54hnz9D6s),
                Address(So11111111111111111111111111111111111111112),
                Address(2ZrpDSa2kYxTJtmGNmhyTb4cGhigYbrzakZBYreujiAf),
                Address(JEFj1mYvGg9rmvREUFLS43mXx4dfR1SkUMoEhVGt6UHK),
            ],
            data: 0x0c030400000000000009,
        },
        InstructionNode {
            position: InstructionPosition {
                top: 5,
                inner: Some(
                    2,
                ),
            },
            stack_height: Some(
                2,
            ),
            program: Address(LBUZKhRxPF3XUpBCjp4YzTKgLccjZhTSDM9YuVaPwxo),
            accounts: [
                Address(D1ZN9Wj1fRSUQfCjhvnu1hqDMT7hzjzBBpi12nVniYD6),
            ],
            data: 0xe445a52e51cb9a1d80977b6a1166718eba19b81fce8f9d9badd88e73682e840a8b29049610cec9091bf7f38cdfa1c0a255fe0000000000000000fd0300000000000000000000000000006600000000000000,
        },
        InstructionNode {
            position: InstructionPosition {
                top: 5,
                inner: Some(
                    3,
                ),
            },
            stack_height: Some(
                2,
            ),
            program: Address(LBUZKhRxPF3XUpBCjp4YzTKgLccjZhTSDM9YuVaPwxo),
            accounts: [
                Address(D1ZN9Wj1fRSUQfCjhvnu1hqDMT7hzjzBBpi12nVniYD6),
            ],
            data: 0xe445a52e51cb9a1d006d75b33d5bc7c8fffbe08d8e670a1063f91438a0643649c48e9f3eb71af5fbf5a5fd17c3322bd69d6aec76d802c824760a41ee9feba9e0c0199b200a1fdc900863cf1f4981e79bba19b81fce8f9d9badd88e73682e840a8b29049610cec9091bf7f38cdfa1c0a255feffff604ce66b0000000079300d7000000000806aad1e00000000419fb51e0000000001f0260400000000c43808000000000020feffff64feffff20feffff64feffff00000000000000000000000000000000,
        },
        InstructionNode {
            position: InstructionPosition {
                top: 6,
                inner: None,
            },
            stack_height: Some(
                1,
            ),
            program: Address(TokenkegQfeZyiNwAJbNbGKPFXCWuBvf9Ss623VQ5DA),
            accounts: [
                Address(2ZrpDSa2kYxTJtmGNmhyTb4cGhigYbrzakZBYreujiAf),
                Address(DXTaXQrDocFZBfSEkcgnNCpUuj8xeb6VqyZ4ZzPe518V),
                Address(DXTaXQrDocFZBfSEkcgnNCpUuj8xeb6VqyZ4ZzPe518V),
            ],
            data: 0x09,
        },
    ],
    native_balances: [
        NativeBalance {
            account: Address(DXTaXQrDocFZBfSEkcgnNCpUuj8xeb6VqyZ4ZzPe518V),
            pre: Lamports(
                25297392,
            ),
            post: Lamports(
                25291131,
            ),
        },
        NativeBalance {
            account: Address(2ZrpDSa2kYxTJtmGNmhyTb4cGhigYbrzakZBYreujiAf),
            pre: Lamports(
                0,
            ),
            post: Lamports(
                0,
            ),
        },
        NativeBalance {
            account: Address(8f9z7tGJsFWWUBxr6hqHppS2krEGGo4PpZgBtLzpaHyf),
            pre: Lamports(
                1488440,
            ),
            post: Lamports(
                1488440,
            ),
        },
        NativeBalance {
            account: Address(ADuUkR4vqLUMWXxW9gh6D6L8pMSawimctcNZ5pGwDcEt),
            pre: Lamports(
                4794063,
            ),
            post: Lamports(
                4795063,
            ),
        },
        NativeBalance {
            account: Address(BbVaCZDvkNNALEKUcoWgHdvBMv5Zvj9bYhh5HU2Vv3Dt),
            pre: Lamports(
                41899840,
            ),
            post: Lamports(
                41899840,
            ),
        },
        NativeBalance {
            account: Address(BkiMvmX9wqboFsmLeG43foSP7D8BqqLrCKS5rqwAdnmw),
            pre: Lamports(
                52141120,
            ),
            post: Lamports(
                52141120,
            ),
        },
        NativeBalance {
            account: Address(BQbcACohQFiMveJS7vR4cuF1Khd52ioQqWoTcT7VQ3Jq),
            pre: Lamports(
                52141120,
            ),
            post: Lamports(
                52141120,
            ),
        },
        NativeBalance {
            account: Address(DRYjKt3iyeLJAqgXTpHzGRk2pMfNeB4eqPevgjKkC19f),
            pre: Lamports(
                1513840,
            ),
            post: Lamports(
                1513840,
            ),
        },
        NativeBalance {
            account: Address(FP2BiLoHE9Jxdh1fgDT4jQRJQzY43BSe6JK54hnz9D6s),
            pre: Lamports(
                60665475800,
            ),
            post: Lamports(
                60665474773,
            ),
        },
        NativeBalance {
            account: Address(JEFj1mYvGg9rmvREUFLS43mXx4dfR1SkUMoEhVGt6UHK),
            pre: Lamports(
                5242560,
            ),
            post: Lamports(
                5242560,
            ),
        },
        NativeBalance {
            account: Address(11111111111111111111111111111111),
            pre: Lamports(
                1,
            ),
            post: Lamports(
                1,
            ),
        },
        NativeBalance {
            account: Address(9aqmJjCnnMQv42TXLk921ceUkN35nea2QP969n1caqjj),
            pre: Lamports(
                267141917,
            ),
            post: Lamports(
                267141917,
            ),
        },
        NativeBalance {
            account: Address(ATokenGPvbdGVxr1b2hvZbsiqW5xWH25efTNsLJA8knL),
            pre: Lamports(
                3388612899,
            ),
            post: Lamports(
                3388612899,
            ),
        },
        NativeBalance {
            account: Address(ComputeBudget111111111111111111111111111111),
            pre: Lamports(
                1,
            ),
            post: Lamports(
                1,
            ),
        },
        NativeBalance {
            account: Address(D1ZN9Wj1fRSUQfCjhvnu1hqDMT7hzjzBBpi12nVniYD6),
            pre: Lamports(
                5987435,
            ),
            post: Lamports(
                5987435,
            ),
        },
        NativeBalance {
            account: Address(LBUZKhRxPF3XUpBCjp4YzTKgLccjZhTSDM9YuVaPwxo),
            pre: Lamports(
                72027466,
            ),
            post: Lamports(
                72027466,
            ),
        },
        NativeBalance {
            account: Address(MemoSq4gqABAXKb96qnH8TysNcWxMyWCqXgDLGmfcHr),
            pre: Lamports(
                523015235,
            ),
            post: Lamports(
                523015235,
            ),
        },
        NativeBalance {
            account: Address(So11111111111111111111111111111111111111112),
            pre: Lamports(
                1849280395886,
            ),
            post: Lamports(
                1849280395886,
            ),
        },
        NativeBalance {
            account: Address(TokenkegQfeZyiNwAJbNbGKPFXCWuBvf9Ss623VQ5DA),
            pre: Lamports(
                200653906,
            ),
            post: Lamports(
                200653906,
            ),
        },
        NativeBalance {
            account: Address(TokenzQdBNbLqP5VEhdkAS6EPFLC1PHnBqCXEpPxuEb),
            pre: Lamports(
                70228638,
            ),
            post: Lamports(
                70228638,
            ),
        },
    ],
    token_balances: [
        TokenBalance {
            account: Address(8f9z7tGJsFWWUBxr6hqHppS2krEGGo4PpZgBtLzpaHyf),
            mint: Address(9aqmJjCnnMQv42TXLk921ceUkN35nea2QP969n1caqjj),
            program: Token2022,
            decimals: Decimals(
                6,
            ),
            owner_pre: Some(
                Address(JEFj1mYvGg9rmvREUFLS43mXx4dfR1SkUMoEhVGt6UHK),
            ),
            owner_post: Some(
                Address(JEFj1mYvGg9rmvREUFLS43mXx4dfR1SkUMoEhVGt6UHK),
            ),
            pre: RawTokenAmount(
                1175704978054,
            ),
            post: RawTokenAmount(
                1175704975006,
            ),
        },
        TokenBalance {
            account: Address(DRYjKt3iyeLJAqgXTpHzGRk2pMfNeB4eqPevgjKkC19f),
            mint: Address(9aqmJjCnnMQv42TXLk921ceUkN35nea2QP969n1caqjj),
            program: Token2022,
            decimals: Decimals(
                6,
            ),
            owner_pre: Some(
                Address(DXTaXQrDocFZBfSEkcgnNCpUuj8xeb6VqyZ4ZzPe518V),
            ),
            owner_post: Some(
                Address(DXTaXQrDocFZBfSEkcgnNCpUuj8xeb6VqyZ4ZzPe518V),
            ),
            pre: RawTokenAmount(
                0,
            ),
            post: RawTokenAmount(
                3048,
            ),
        },
        TokenBalance {
            account: Address(FP2BiLoHE9Jxdh1fgDT4jQRJQzY43BSe6JK54hnz9D6s),
            mint: Address(So11111111111111111111111111111111111111112),
            program: Token,
            decimals: Decimals(
                9,
            ),
            owner_pre: Some(
                Address(JEFj1mYvGg9rmvREUFLS43mXx4dfR1SkUMoEhVGt6UHK),
            ),
            owner_post: Some(
                Address(JEFj1mYvGg9rmvREUFLS43mXx4dfR1SkUMoEhVGt6UHK),
            ),
            pre: RawTokenAmount(
                60663987360,
            ),
            post: RawTokenAmount(
                60663986333,
            ),
        },
    ],
}
