---
source: crates/solana/tests/fixture_corpus.rs
expression: view
---
TransactionView {
    signature: Signature(5E75jwHodoguhxV3AV133Bu9xtWNqiTgXWF552oKVi4BvvSUXzmeAt561guzHMkjkcTnga25r5c1b9bmpMXmnuap),
    slot: 453174966,
    block_time: Some(
        2026-10-04T06:25:04Z,
    ),
    transaction_index: Some(
        877,
    ),
    version: Legacy,
    outcome: Succeeded,
    fee_payer: Address(GymS3jpXvCLPSnMQrdFDJYqoU7SiLUH3D625i1QzZfJY),
    fee: FeeBreakdown {
        total: Lamports(
            5000,
        ),
        base: Lamports(
            5000,
        ),
        priority: Lamports(
            0,
        ),
    },
    accounts: [
        AccountKey {
            address: Address(GymS3jpXvCLPSnMQrdFDJYqoU7SiLUH3D625i1QzZfJY),
            is_signer: true,
            is_writable: true,
            source: Message,
        },
        AccountKey {
            address: Address(3AcfUtyjm4wuwKV3KtEnnt2rQgcXJDdScjm6BNphRocu),
            is_signer: false,
            is_writable: true,
            source: Message,
        },
        AccountKey {
            address: Address(3rfQ3ChWgxLPk54BoyvZG1ShgJyfWdy5VQFHGebw7HBb),
            is_signer: false,
            is_writable: true,
            source: Message,
        },
        AccountKey {
            address: Address(6NAqZ68A2U6KsULx5XBTDTuCXogM2qqfNwKk7iL14jct),
            is_signer: false,
            is_writable: true,
            source: Message,
        },
        AccountKey {
            address: Address(6PoZrxwXyFa3udkiJVTojh4dP29mFNRdiaYpKEgvpq7G),
            is_signer: false,
            is_writable: true,
            source: Message,
        },
        AccountKey {
            address: Address(9SUe5YBNEtTUKcYBUXxKmi8vGviqicCxg6raSYmdi6ih),
            is_signer: false,
            is_writable: true,
            source: Message,
        },
        AccountKey {
            address: Address(AG1EhPjsBrkxQWkViuLXF6pQnHwfr9f9sdNneeoykcEJ),
            is_signer: false,
            is_writable: true,
            source: Message,
        },
        AccountKey {
            address: Address(Ark8oyUYM3K7YkAp5F5WGGq2u3g9Ly6HWzxn7M51UUTu),
            is_signer: false,
            is_writable: true,
            source: Message,
        },
        AccountKey {
            address: Address(B9b1o3tF61ceQYE9RG69sEm9y2zwf1oV2VnYkkQhP6CG),
            is_signer: false,
            is_writable: true,
            source: Message,
        },
        AccountKey {
            address: Address(CWWWdxhoT9WC1FMUHfyDLeGqG6WbNtHkWzjAd1RkfQ7v),
            is_signer: false,
            is_writable: true,
            source: Message,
        },
        AccountKey {
            address: Address(o2ySAxrsqJ8NxF4YDram2jyefm3vWGAESiZRfRAVaCW),
            is_signer: false,
            is_writable: true,
            source: Message,
        },
        AccountKey {
            address: Address(11111111111111111111111111111111),
            is_signer: false,
            is_writable: false,
            source: Message,
        },
        AccountKey {
            address: Address(ComputeBudget111111111111111111111111111111),
            is_signer: false,
            is_writable: false,
            source: Message,
        },
        AccountKey {
            address: Address(D1ZN9Wj1fRSUQfCjhvnu1hqDMT7hzjzBBpi12nVniYD6),
            is_signer: false,
            is_writable: false,
            source: Message,
        },
        AccountKey {
            address: Address(DEW9dSN6QpWyNthphCpMmAbZP1Q4cEKR9xQXAri98WDP),
            is_signer: false,
            is_writable: false,
            source: Message,
        },
        AccountKey {
            address: Address(LBUZKhRxPF3XUpBCjp4YzTKgLccjZhTSDM9YuVaPwxo),
            is_signer: false,
            is_writable: false,
            source: Message,
        },
        AccountKey {
            address: Address(MemoSq4gqABAXKb96qnH8TysNcWxMyWCqXgDLGmfcHr),
            is_signer: false,
            is_writable: false,
            source: Message,
        },
        AccountKey {
            address: Address(So11111111111111111111111111111111111111112),
            is_signer: false,
            is_writable: false,
            source: Message,
        },
        AccountKey {
            address: Address(TokenkegQfeZyiNwAJbNbGKPFXCWuBvf9Ss623VQ5DA),
            is_signer: false,
            is_writable: false,
            source: Message,
        },
        AccountKey {
            address: Address(TokenzQdBNbLqP5VEhdkAS6EPFLC1PHnBqCXEpPxuEb),
            is_signer: false,
            is_writable: false,
            source: Message,
        },
        AccountKey {
            address: Address(zapvX9M3uf5pvy4wRPAbQgdQsM1xmuiFnkfHKPvwMiz),
            is_signer: false,
            is_writable: false,
            source: Message,
        },
    ],
    instructions: [
        InstructionNode {
            position: InstructionPosition {
                top: 0,
                inner: None,
            },
            stack_height: Some(
                1,
            ),
            program: Address(zapvX9M3uf5pvy4wRPAbQgdQsM1xmuiFnkfHKPvwMiz),
            accounts: [
                Address(9SUe5YBNEtTUKcYBUXxKmi8vGviqicCxg6raSYmdi6ih),
                Address(GymS3jpXvCLPSnMQrdFDJYqoU7SiLUH3D625i1QzZfJY),
                Address(GymS3jpXvCLPSnMQrdFDJYqoU7SiLUH3D625i1QzZfJY),
                Address(11111111111111111111111111111111),
            ],
            data: 0x78451e4a4cf299a2,
        },
        InstructionNode {
            position: InstructionPosition {
                top: 0,
                inner: Some(
                    0,
                ),
            },
            stack_height: Some(
                2,
            ),
            program: Address(11111111111111111111111111111111),
            accounts: [
                Address(GymS3jpXvCLPSnMQrdFDJYqoU7SiLUH3D625i1QzZfJY),
                Address(9SUe5YBNEtTUKcYBUXxKmi8vGviqicCxg6raSYmdi6ih),
            ],
            data: 0x0000000040430e000000000038000000000000000ec05a848c848ff07c6ae2d8fabe0e47c16876fd430296ae827e274ef78c9553,
        },
        InstructionNode {
            position: InstructionPosition {
                top: 1,
                inner: None,
            },
            stack_height: Some(
                1,
            ),
            program: Address(zapvX9M3uf5pvy4wRPAbQgdQsM1xmuiFnkfHKPvwMiz),
            accounts: [
                Address(9SUe5YBNEtTUKcYBUXxKmi8vGviqicCxg6raSYmdi6ih),
                Address(6NAqZ68A2U6KsULx5XBTDTuCXogM2qqfNwKk7iL14jct),
                Address(GymS3jpXvCLPSnMQrdFDJYqoU7SiLUH3D625i1QzZfJY),
            ],
            data: 0x3bceade85e39aecab03fe09c1e000000bfc55f4e0200000001,
        },
        InstructionNode {
            position: InstructionPosition {
                top: 2,
                inner: None,
            },
            stack_height: Some(
                1,
            ),
            program: Address(zapvX9M3uf5pvy4wRPAbQgdQsM1xmuiFnkfHKPvwMiz),
            accounts: [
                Address(9SUe5YBNEtTUKcYBUXxKmi8vGviqicCxg6raSYmdi6ih),
                Address(3rfQ3ChWgxLPk54BoyvZG1ShgJyfWdy5VQFHGebw7HBb),
                Address(GymS3jpXvCLPSnMQrdFDJYqoU7SiLUH3D625i1QzZfJY),
            ],
            data: 0x3bceade85e39aeca0000000000000000959e33b90000000000,
        },
        InstructionNode {
            position: InstructionPosition {
                top: 3,
                inner: None,
            },
            stack_height: Some(
                1,
            ),
            program: Address(ComputeBudget111111111111111111111111111111),
            accounts: [],
            data: 0x02c0270900,
        },
        InstructionNode {
            position: InstructionPosition {
                top: 4,
                inner: None,
            },
            stack_height: Some(
                1,
            ),
            program: Address(zapvX9M3uf5pvy4wRPAbQgdQsM1xmuiFnkfHKPvwMiz),
            accounts: [
                Address(9SUe5YBNEtTUKcYBUXxKmi8vGviqicCxg6raSYmdi6ih),
                Address(AG1EhPjsBrkxQWkViuLXF6pQnHwfr9f9sdNneeoykcEJ),
                Address(3AcfUtyjm4wuwKV3KtEnnt2rQgcXJDdScjm6BNphRocu),
                Address(Ark8oyUYM3K7YkAp5F5WGGq2u3g9Ly6HWzxn7M51UUTu),
                Address(6NAqZ68A2U6KsULx5XBTDTuCXogM2qqfNwKk7iL14jct),
                Address(3rfQ3ChWgxLPk54BoyvZG1ShgJyfWdy5VQFHGebw7HBb),
                Address(B9b1o3tF61ceQYE9RG69sEm9y2zwf1oV2VnYkkQhP6CG),
                Address(6PoZrxwXyFa3udkiJVTojh4dP29mFNRdiaYpKEgvpq7G),
                Address(DEW9dSN6QpWyNthphCpMmAbZP1Q4cEKR9xQXAri98WDP),
                Address(So11111111111111111111111111111111111111112),
                Address(LBUZKhRxPF3XUpBCjp4YzTKgLccjZhTSDM9YuVaPwxo),
                Address(GymS3jpXvCLPSnMQrdFDJYqoU7SiLUH3D625i1QzZfJY),
                Address(GymS3jpXvCLPSnMQrdFDJYqoU7SiLUH3D625i1QzZfJY),
                Address(TokenzQdBNbLqP5VEhdkAS6EPFLC1PHnBqCXEpPxuEb),
                Address(TokenkegQfeZyiNwAJbNbGKPFXCWuBvf9Ss623VQ5DA),
                Address(MemoSq4gqABAXKb96qnH8TysNcWxMyWCqXgDLGmfcHr),
                Address(11111111111111111111111111111111),
                Address(D1ZN9Wj1fRSUQfCjhvnu1hqDMT7hzjzBBpi12nVniYD6),
                Address(o2ySAxrsqJ8NxF4YDram2jyefm3vWGAESiZRfRAVaCW),
                Address(CWWWdxhoT9WC1FMUHfyDLeGqG6WbNtHkWzjAd1RkfQ7v),
            ],
            data: 0xb847c6e7816ec1438bfffffffeffffff020000000300000000000000,
        },
        InstructionNode {
            position: InstructionPosition {
                top: 4,
                inner: Some(
                    0,
                ),
            },
            stack_height: Some(
                2,
            ),
            program: Address(LBUZKhRxPF3XUpBCjp4YzTKgLccjZhTSDM9YuVaPwxo),
            accounts: [
                Address(3AcfUtyjm4wuwKV3KtEnnt2rQgcXJDdScjm6BNphRocu),
                Address(AG1EhPjsBrkxQWkViuLXF6pQnHwfr9f9sdNneeoykcEJ),
                Address(Ark8oyUYM3K7YkAp5F5WGGq2u3g9Ly6HWzxn7M51UUTu),
                Address(6NAqZ68A2U6KsULx5XBTDTuCXogM2qqfNwKk7iL14jct),
                Address(3rfQ3ChWgxLPk54BoyvZG1ShgJyfWdy5VQFHGebw7HBb),
                Address(B9b1o3tF61ceQYE9RG69sEm9y2zwf1oV2VnYkkQhP6CG),
                Address(6PoZrxwXyFa3udkiJVTojh4dP29mFNRdiaYpKEgvpq7G),
                Address(DEW9dSN6QpWyNthphCpMmAbZP1Q4cEKR9xQXAri98WDP),
                Address(So11111111111111111111111111111111111111112),
                Address(GymS3jpXvCLPSnMQrdFDJYqoU7SiLUH3D625i1QzZfJY),
                Address(GymS3jpXvCLPSnMQrdFDJYqoU7SiLUH3D625i1QzZfJY),
                Address(TokenzQdBNbLqP5VEhdkAS6EPFLC1PHnBqCXEpPxuEb),
                Address(TokenkegQfeZyiNwAJbNbGKPFXCWuBvf9Ss623VQ5DA),
                Address(MemoSq4gqABAXKb96qnH8TysNcWxMyWCqXgDLGmfcHr),
                Address(11111111111111111111111111111111),
                Address(D1ZN9Wj1fRSUQfCjhvnu1hqDMT7hzjzBBpi12nVniYD6),
                Address(LBUZKhRxPF3XUpBCjp4YzTKgLccjZhTSDM9YuVaPwxo),
                Address(o2ySAxrsqJ8NxF4YDram2jyefm3vWGAESiZRfRAVaCW),
                Address(CWWWdxhoT9WC1FMUHfyDLeGqG6WbNtHkWzjAd1RkfQ7v),
            ],
            data: 0x5c04b0c177b953098bffffff0300000000000000000000003f889242020000000000000000000000959e33b90000000000000000000000000000000000000000000000000000000000000000000000000000000001000000feffffff020000008495bf5a0000000087dfbb3d000000000000000000000000000000000000000000000000000000000000000000000000000000000000,
        },
        InstructionNode {
            position: InstructionPosition {
                top: 4,
                inner: Some(
                    1,
                ),
            },
            stack_height: Some(
                3,
            ),
            program: Address(TokenzQdBNbLqP5VEhdkAS6EPFLC1PHnBqCXEpPxuEb),
            accounts: [
                Address(6NAqZ68A2U6KsULx5XBTDTuCXogM2qqfNwKk7iL14jct),
                Address(DEW9dSN6QpWyNthphCpMmAbZP1Q4cEKR9xQXAri98WDP),
                Address(B9b1o3tF61ceQYE9RG69sEm9y2zwf1oV2VnYkkQhP6CG),
                Address(GymS3jpXvCLPSnMQrdFDJYqoU7SiLUH3D625i1QzZfJY),
            ],
            data: 0x0c388892420200000006,
        },
        InstructionNode {
            position: InstructionPosition {
                top: 4,
                inner: Some(
                    2,
                ),
            },
            stack_height: Some(
                3,
            ),
            program: Address(TokenkegQfeZyiNwAJbNbGKPFXCWuBvf9Ss623VQ5DA),
            accounts: [
                Address(3rfQ3ChWgxLPk54BoyvZG1ShgJyfWdy5VQFHGebw7HBb),
                Address(So11111111111111111111111111111111111111112),
                Address(6PoZrxwXyFa3udkiJVTojh4dP29mFNRdiaYpKEgvpq7G),
                Address(GymS3jpXvCLPSnMQrdFDJYqoU7SiLUH3D625i1QzZfJY),
            ],
            data: 0x0c959e33b90000000009,
        },
        InstructionNode {
            position: InstructionPosition {
                top: 4,
                inner: Some(
                    3,
                ),
            },
            stack_height: Some(
                3,
            ),
            program: Address(LBUZKhRxPF3XUpBCjp4YzTKgLccjZhTSDM9YuVaPwxo),
            accounts: [
                Address(D1ZN9Wj1fRSUQfCjhvnu1hqDMT7hzjzBBpi12nVniYD6),
            ],
            data: 0xe445a52e51cb9a1d80977b6a1166718eed6a11863fadc00aec06f2e6d742eacbaa7f0089de425bb45d58d8f01f1756c18bff0000000000000000630200000000000000000000000000003d00000000000000,
        },
        InstructionNode {
            position: InstructionPosition {
                top: 4,
                inner: Some(
                    4,
                ),
            },
            stack_height: Some(
                3,
            ),
            program: Address(LBUZKhRxPF3XUpBCjp4YzTKgLccjZhTSDM9YuVaPwxo),
            accounts: [
                Address(D1ZN9Wj1fRSUQfCjhvnu1hqDMT7hzjzBBpi12nVniYD6),
            ],
            data: 0xe445a52e51cb9a1d006d75b33d5bc7c889912956f9bce9c2c4f1312c1b821e50cfd6364cf6d520ad6b4da0d07b096ca7202ded0a961bf5838d463a7831f0ee9fa23d7193d3edfd509e12228634b9947aed6a11863fadc00aec06f2e6d742eacbaa7f0089de425bb45d58d8f01f1756c18bffffff00000000000000000463c93c020000000000000000000000959e33b9000000000000000000000000000000000000000089ffffff8dffffff89ffffff8dffffff00000000000000000000000000000000,
        },
        InstructionNode {
            position: InstructionPosition {
                top: 5,
                inner: None,
            },
            stack_height: Some(
                1,
            ),
            program: Address(zapvX9M3uf5pvy4wRPAbQgdQsM1xmuiFnkfHKPvwMiz),
            accounts: [
                Address(9SUe5YBNEtTUKcYBUXxKmi8vGviqicCxg6raSYmdi6ih),
                Address(GymS3jpXvCLPSnMQrdFDJYqoU7SiLUH3D625i1QzZfJY),
                Address(GymS3jpXvCLPSnMQrdFDJYqoU7SiLUH3D625i1QzZfJY),
            ],
            data: 0xbd7aac0d7a363633,
        },
        InstructionNode {
            position: InstructionPosition {
                top: 6,
                inner: None,
            },
            stack_height: Some(
                1,
            ),
            program: Address(TokenkegQfeZyiNwAJbNbGKPFXCWuBvf9Ss623VQ5DA),
            accounts: [
                Address(3rfQ3ChWgxLPk54BoyvZG1ShgJyfWdy5VQFHGebw7HBb),
                Address(GymS3jpXvCLPSnMQrdFDJYqoU7SiLUH3D625i1QzZfJY),
                Address(GymS3jpXvCLPSnMQrdFDJYqoU7SiLUH3D625i1QzZfJY),
            ],
            data: 0x09,
        },
        InstructionNode {
            position: InstructionPosition {
                top: 7,
                inner: None,
            },
            stack_height: Some(
                1,
            ),
            program: Address(ComputeBudget111111111111111111111111111111),
            accounts: [],
            data: 0x030000000000000000,
        },
    ],
    native_balances: [
        NativeBalance {
            account: Address(GymS3jpXvCLPSnMQrdFDJYqoU7SiLUH3D625i1QzZfJY),
            pre: Lamports(
                4045604909,
            ),
            post: Lamports(
                4047088349,
            ),
        },
        NativeBalance {
            account: Address(3AcfUtyjm4wuwKV3KtEnnt2rQgcXJDdScjm6BNphRocu),
            pre: Lamports(
                41899840,
            ),
            post: Lamports(
                41899840,
            ),
        },
        NativeBalance {
            account: Address(3rfQ3ChWgxLPk54BoyvZG1ShgJyfWdy5VQFHGebw7HBb),
            pre: Lamports(
                3108656333,
            ),
            post: Lamports(
                0,
            ),
        },
        NativeBalance {
            account: Address(6NAqZ68A2U6KsULx5XBTDTuCXogM2qqfNwKk7iL14jct),
            pre: Lamports(
                1574800,
            ),
            post: Lamports(
                1574800,
            ),
        },
        NativeBalance {
            account: Address(6PoZrxwXyFa3udkiJVTojh4dP29mFNRdiaYpKEgvpq7G),
            pre: Lamports(
                5509811386017,
            ),
            post: Lamports(
                5512918553910,
            ),
        },
        NativeBalance {
            account: Address(9SUe5YBNEtTUKcYBUXxKmi8vGviqicCxg6raSYmdi6ih),
            pre: Lamports(
                0,
            ),
            post: Lamports(
                0,
            ),
        },
        NativeBalance {
            account: Address(AG1EhPjsBrkxQWkViuLXF6pQnHwfr9f9sdNneeoykcEJ),
            pre: Lamports(
                5242560,
            ),
            post: Lamports(
                5242560,
            ),
        },
        NativeBalance {
            account: Address(Ark8oyUYM3K7YkAp5F5WGGq2u3g9Ly6HWzxn7M51UUTu),
            pre: Lamports(
                8656320,
            ),
            post: Lamports(
                8656320,
            ),
        },
        NativeBalance {
            account: Address(B9b1o3tF61ceQYE9RG69sEm9y2zwf1oV2VnYkkQhP6CG),
            pre: Lamports(
                1554480,
            ),
            post: Lamports(
                1554480,
            ),
        },
        NativeBalance {
            account: Address(CWWWdxhoT9WC1FMUHfyDLeGqG6WbNtHkWzjAd1RkfQ7v),
            pre: Lamports(
                52141120,
            ),
            post: Lamports(
                52141120,
            ),
        },
        NativeBalance {
            account: Address(o2ySAxrsqJ8NxF4YDram2jyefm3vWGAESiZRfRAVaCW),
            pre: Lamports(
                52141120,
            ),
            post: Lamports(
                52141120,
            ),
        },
        NativeBalance {
            account: Address(11111111111111111111111111111111),
            pre: Lamports(
                1,
            ),
            post: Lamports(
                1,
            ),
        },
        NativeBalance {
            account: Address(ComputeBudget111111111111111111111111111111),
            pre: Lamports(
                1,
            ),
            post: Lamports(
                1,
            ),
        },
        NativeBalance {
            account: Address(D1ZN9Wj1fRSUQfCjhvnu1hqDMT7hzjzBBpi12nVniYD6),
            pre: Lamports(
                5987435,
            ),
            post: Lamports(
                5987435,
            ),
        },
        NativeBalance {
            account: Address(DEW9dSN6QpWyNthphCpMmAbZP1Q4cEKR9xQXAri98WDP),
            pre: Lamports(
                26333572377,
            ),
            post: Lamports(
                26333572377,
            ),
        },
        NativeBalance {
            account: Address(LBUZKhRxPF3XUpBCjp4YzTKgLccjZhTSDM9YuVaPwxo),
            pre: Lamports(
                72027466,
            ),
            post: Lamports(
                72027466,
            ),
        },
        NativeBalance {
            account: Address(MemoSq4gqABAXKb96qnH8TysNcWxMyWCqXgDLGmfcHr),
            pre: Lamports(
                523015235,
            ),
            post: Lamports(
                523015235,
            ),
        },
        NativeBalance {
            account: Address(So11111111111111111111111111111111111111112),
            pre: Lamports(
                1849197293457,
            ),
            post: Lamports(
                1849197293457,
            ),
        },
        NativeBalance {
            account: Address(TokenkegQfeZyiNwAJbNbGKPFXCWuBvf9Ss623VQ5DA),
            pre: Lamports(
                200653906,
            ),
            post: Lamports(
                200653906,
            ),
        },
        NativeBalance {
            account: Address(TokenzQdBNbLqP5VEhdkAS6EPFLC1PHnBqCXEpPxuEb),
            pre: Lamports(
                70228638,
            ),
            post: Lamports(
                70228638,
            ),
        },
        NativeBalance {
            account: Address(zapvX9M3uf5pvy4wRPAbQgdQsM1xmuiFnkfHKPvwMiz),
            pre: Lamports(
                1141442,
            ),
            post: Lamports(
                1141442,
            ),
        },
    ],
    token_balances: [
        TokenBalance {
            account: Address(3rfQ3ChWgxLPk54BoyvZG1ShgJyfWdy5VQFHGebw7HBb),
            mint: Address(So11111111111111111111111111111111111111112),
            program: Token,
            decimals: Decimals(
                9,
            ),
            owner_pre: Some(
                Address(GymS3jpXvCLPSnMQrdFDJYqoU7SiLUH3D625i1QzZfJY),
            ),
            owner_post: None,
            pre: RawTokenAmount(
                3107167893,
            ),
            post: RawTokenAmount(
                0,
            ),
        },
        TokenBalance {
            account: Address(6NAqZ68A2U6KsULx5XBTDTuCXogM2qqfNwKk7iL14jct),
            mint: Address(DEW9dSN6QpWyNthphCpMmAbZP1Q4cEKR9xQXAri98WDP),
            program: Token2022,
            decimals: Decimals(
                6,
            ),
            owner_pre: Some(
                Address(GymS3jpXvCLPSnMQrdFDJYqoU7SiLUH3D625i1QzZfJY),
            ),
            owner_post: Some(
                Address(GymS3jpXvCLPSnMQrdFDJYqoU7SiLUH3D625i1QzZfJY),
            ),
            pre: RawTokenAmount(
                141187794927,
            ),
            post: RawTokenAmount(
                131480960951,
            ),
        },
        TokenBalance {
            account: Address(6PoZrxwXyFa3udkiJVTojh4dP29mFNRdiaYpKEgvpq7G),
            mint: Address(So11111111111111111111111111111111111111112),
            program: Token,
            decimals: Decimals(
                9,
            ),
            owner_pre: Some(
                Address(AG1EhPjsBrkxQWkViuLXF6pQnHwfr9f9sdNneeoykcEJ),
            ),
            owner_post: Some(
                Address(AG1EhPjsBrkxQWkViuLXF6pQnHwfr9f9sdNneeoykcEJ),
            ),
            pre: RawTokenAmount(
                5509809392376,
            ),
            post: RawTokenAmount(
                5512916560269,
            ),
        },
        TokenBalance {
            account: Address(B9b1o3tF61ceQYE9RG69sEm9y2zwf1oV2VnYkkQhP6CG),
            mint: Address(DEW9dSN6QpWyNthphCpMmAbZP1Q4cEKR9xQXAri98WDP),
            program: Token2022,
            decimals: Decimals(
                6,
            ),
            owner_pre: Some(
                Address(AG1EhPjsBrkxQWkViuLXF6pQnHwfr9f9sdNneeoykcEJ),
            ),
            owner_post: Some(
                Address(AG1EhPjsBrkxQWkViuLXF6pQnHwfr9f9sdNneeoykcEJ),
            ),
            pre: RawTokenAmount(
                5893662896027,
            ),
            post: RawTokenAmount(
                5903272661663,
            ),
        },
    ],
}
