---
source: crates/solana/tests/fixture_corpus.rs
expression: view
---
TransactionView {
    signature: Signature(3VPJGWBXrM9Sxr3emMLV65r3oSc3ocJWMU6Csb9VhCWJGT5Rkj6r4YRoiFod5ZD6fXqiY6g8GRuwRfFk1YR3CMWN),
    slot: 453265775,
    block_time: Some(
        2026-10-04T13:09:29Z,
    ),
    transaction_index: Some(
        815,
    ),
    version: Legacy,
    outcome: Succeeded,
    fee_payer: Address(9sdtCBadNXG18oh51wKKctvYzamCZA4PqippXzV4wmz),
    fee: FeeBreakdown {
        total: Lamports(
            5000,
        ),
        base: Lamports(
            5000,
        ),
        priority: Lamports(
            0,
        ),
    },
    accounts: [
        AccountKey {
            address: Address(9sdtCBadNXG18oh51wKKctvYzamCZA4PqippXzV4wmz),
            is_signer: true,
            is_writable: true,
            source: Message,
        },
        AccountKey {
            address: Address(3AVi9Tg9Uo68tJfuvoKvqKNWKkC5wPdSSdeBnizKZ6jT),
            is_signer: false,
            is_writable: true,
            source: Message,
        },
        AccountKey {
            address: Address(11111111111111111111111111111111),
            is_signer: false,
            is_writable: false,
            source: Message,
        },
        AccountKey {
            address: Address(ComputeBudget111111111111111111111111111111),
            is_signer: false,
            is_writable: false,
            source: Message,
        },
    ],
    instructions: [
        InstructionNode {
            position: InstructionPosition {
                top: 0,
                inner: None,
            },
            stack_height: Some(
                1,
            ),
            program: Address(ComputeBudget111111111111111111111111111111),
            accounts: [],
            data: 0x022c010000,
        },
        InstructionNode {
            position: InstructionPosition {
                top: 1,
                inner: None,
            },
            stack_height: Some(
                1,
            ),
            program: Address(11111111111111111111111111111111),
            accounts: [
                Address(9sdtCBadNXG18oh51wKKctvYzamCZA4PqippXzV4wmz),
                Address(3AVi9Tg9Uo68tJfuvoKvqKNWKkC5wPdSSdeBnizKZ6jT),
            ],
            data: 0x02000000e803000000000000,
        },
    ],
    native_balances: [
        NativeBalance {
            account: Address(9sdtCBadNXG18oh51wKKctvYzamCZA4PqippXzV4wmz),
            pre: Lamports(
                10822135028,
            ),
            post: Lamports(
                10822129028,
            ),
        },
        NativeBalance {
            account: Address(3AVi9Tg9Uo68tJfuvoKvqKNWKkC5wPdSSdeBnizKZ6jT),
            pre: Lamports(
                4277206,
            ),
            post: Lamports(
                4278206,
            ),
        },
        NativeBalance {
            account: Address(11111111111111111111111111111111),
            pre: Lamports(
                1,
            ),
            post: Lamports(
                1,
            ),
        },
        NativeBalance {
            account: Address(ComputeBudget111111111111111111111111111111),
            pre: Lamports(
                1,
            ),
            post: Lamports(
                1,
            ),
        },
    ],
    token_balances: [],
}
