---
source: crates/dlmm/tests/corpus.rs
expression: rendering(&tx)
---
InstructionPosition { top: 2, inner: Some(2) } dlmm.claim_fee {"lb_pair":"B8BH6ZKr64agqNWG51CQWUKrLZZw5L31u2K6hubsZfyf","position":"F9z5eQUGeNS8APGtukY2J2VbKA2bgxdiXSoRuKBX6SxB","owner":"EXfj6MFEr5pGu8C5KNBEo4U9L4BPkSuXEWG7PKbe2eZa","fee_x":"0","fee_y":"0"}
InstructionPosition { top: 2, inner: Some(3) } dlmm.claim_fee2 {"lb_pair":"B8BH6ZKr64agqNWG51CQWUKrLZZw5L31u2K6hubsZfyf","position":"F9z5eQUGeNS8APGtukY2J2VbKA2bgxdiXSoRuKBX6SxB","owner":"EXfj6MFEr5pGu8C5KNBEo4U9L4BPkSuXEWG7PKbe2eZa","fee_x":"0","fee_y":"0","active_bin_id":-367}
InstructionPosition { top: 3, inner: Some(3) } dlmm.rebalancing {"lb_pair":"B8BH6ZKr64agqNWG51CQWUKrLZZw5L31u2K6hubsZfyf","position":"F9z5eQUGeNS8APGtukY2J2VbKA2bgxdiXSoRuKBX6SxB","owner":"EXfj6MFEr5pGu8C5KNBEo4U9L4BPkSuXEWG7PKbe2eZa","active_bin_id":-367,"x_withdrawn_amount":"0","x_added_amount":"0","y_withdrawn_amount":"999388834","y_added_amount":"0","x_fee_amount":"0","y_fee_amount":"0","rewards":["0","0"]}
InstructionPosition { top: 4, inner: Some(2) } dlmm.position_close {"position":"F9z5eQUGeNS8APGtukY2J2VbKA2bgxdiXSoRuKBX6SxB","owner":"EXfj6MFEr5pGu8C5KNBEo4U9L4BPkSuXEWG7PKbe2eZa"}
Ok(
    TxActivity {
        lifecycle: [
            Closed {
                at: InstructionPosition {
                    top: 4,
                    inner: Some(
                        2,
                    ),
                },
                position: Address(F9z5eQUGeNS8APGtukY2J2VbKA2bgxdiXSoRuKBX6SxB),
                owner: Address(EXfj6MFEr5pGu8C5KNBEo4U9L4BPkSuXEWG7PKbe2eZa),
            },
        ],
        movements: [
            PositionMovement {
                at: InstructionPosition {
                    top: 2,
                    inner: Some(
                        3,
                    ),
                },
                position: Address(F9z5eQUGeNS8APGtukY2J2VbKA2bgxdiXSoRuKBX6SxB),
                pool: Address(B8BH6ZKr64agqNWG51CQWUKrLZZw5L31u2K6hubsZfyf),
                kind: FeeClaim,
                x: RawTokenAmount(
                    0,
                ),
                y: RawTokenAmount(
                    0,
                ),
                price_bin: Some(
                    -367,
                ),
            },
            PositionMovement {
                at: InstructionPosition {
                    top: 3,
                    inner: Some(
                        3,
                    ),
                },
                position: Address(F9z5eQUGeNS8APGtukY2J2VbKA2bgxdiXSoRuKBX6SxB),
                pool: Address(B8BH6ZKr64agqNWG51CQWUKrLZZw5L31u2K6hubsZfyf),
                kind: RebalanceWithdrawal,
                x: RawTokenAmount(
                    0,
                ),
                y: RawTokenAmount(
                    999388834,
                ),
                price_bin: Some(
                    -367,
                ),
            },
        ],
        reward_claims: [],
        pool_swaps: [],
        has_unknown_program_activity: false,
    },
)
